Archive member included to satisfy reference by file (symbol)

/home/user/riscv/tools/7.2.0-2-20180111-2230/riscv-none-embed/lib/rv64imafdc/lp64d/libc.a(lib_a-atexit.o)
                              /home/user/riscv/tools/7.2.0-2-20180111-2230/bin/../lib/gcc/riscv-none-embed/7.2.0/../../../../riscv-none-embed/lib/crt0.o (atexit)
/home/user/riscv/tools/7.2.0-2-20180111-2230/riscv-none-embed/lib/rv64imafdc/lp64d/libc.a(lib_a-exit.o)
                              /home/user/riscv/tools/7.2.0-2-20180111-2230/bin/../lib/gcc/riscv-none-embed/7.2.0/../../../../riscv-none-embed/lib/crt0.o (exit)
/home/user/riscv/tools/7.2.0-2-20180111-2230/riscv-none-embed/lib/rv64imafdc/lp64d/libc.a(lib_a-fini.o)
                              /home/user/riscv/tools/7.2.0-2-20180111-2230/bin/../lib/gcc/riscv-none-embed/7.2.0/../../../../riscv-none-embed/lib/crt0.o (__libc_fini_array)
/home/user/riscv/tools/7.2.0-2-20180111-2230/riscv-none-embed/lib/rv64imafdc/lp64d/libc.a(lib_a-impure.o)
                              /home/user/riscv/tools/7.2.0-2-20180111-2230/riscv-none-embed/lib/rv64imafdc/lp64d/libc.a(lib_a-exit.o) (_global_impure_ptr)
/home/user/riscv/tools/7.2.0-2-20180111-2230/riscv-none-embed/lib/rv64imafdc/lp64d/libc.a(lib_a-init.o)
                              /home/user/riscv/tools/7.2.0-2-20180111-2230/bin/../lib/gcc/riscv-none-embed/7.2.0/../../../../riscv-none-embed/lib/crt0.o (__libc_init_array)
/home/user/riscv/tools/7.2.0-2-20180111-2230/riscv-none-embed/lib/rv64imafdc/lp64d/libc.a(lib_a-memset.o)
                              /home/user/riscv/tools/7.2.0-2-20180111-2230/bin/../lib/gcc/riscv-none-embed/7.2.0/../../../../riscv-none-embed/lib/crt0.o (memset)
/home/user/riscv/tools/7.2.0-2-20180111-2230/riscv-none-embed/lib/rv64imafdc/lp64d/libc.a(lib_a-__atexit.o)
                              /home/user/riscv/tools/7.2.0-2-20180111-2230/riscv-none-embed/lib/rv64imafdc/lp64d/libc.a(lib_a-atexit.o) (__register_exitproc)
/home/user/riscv/tools/7.2.0-2-20180111-2230/riscv-none-embed/lib/rv64imafdc/lp64d/libc.a(lib_a-__call_atexit.o)
                              /home/user/riscv/tools/7.2.0-2-20180111-2230/riscv-none-embed/lib/rv64imafdc/lp64d/libc.a(lib_a-exit.o) (__call_exitprocs)
/home/user/riscv/tools/7.2.0-2-20180111-2230/riscv-none-embed/lib/rv64imafdc/lp64d/libnosys.a(_exit.o)
                              /home/user/riscv/tools/7.2.0-2-20180111-2230/riscv-none-embed/lib/rv64imafdc/lp64d/libc.a(lib_a-exit.o) (_exit)

Discarded input sections

 .group         0x0000000000000000        0x8 ./src/main.o
 .group         0x0000000000000000        0x8 ./src/main.o
 .group         0x0000000000000000        0x8 ./src/main.o
 .group         0x0000000000000000        0x8 ./src/main.o
 .group         0x0000000000000000        0x8 ./src/main.o
 .group         0x0000000000000000        0x8 ./src/main.o
 .group         0x0000000000000000        0x8 ./src/main.o
 .group         0x0000000000000000        0x8 ./src/main.o
 .group         0x0000000000000000        0x8 ./src/main.o
 .group         0x0000000000000000        0x8 ./src/main.o
 .group         0x0000000000000000        0x8 ./src/main.o
 .group         0x0000000000000000        0x8 ./src/main.o
 .group         0x0000000000000000        0x8 ./src/main.o

Memory Configuration

Name             Origin             Length             Attributes
*default*        0x0000000000000000 0xffffffffffffffff

Linker script and memory map

LOAD /home/user/riscv/tools/7.2.0-2-20180111-2230/bin/../lib/gcc/riscv-none-embed/7.2.0/../../../../riscv-none-embed/lib/crt0.o
LOAD /home/user/riscv/tools/7.2.0-2-20180111-2230/bin/../lib/gcc/riscv-none-embed/7.2.0/crtbegin.o
LOAD ./src/main.o
LOAD /home/user/riscv/tools/7.2.0-2-20180111-2230/riscv-none-embed/lib/rv64imafdc/lp64d/libstdc++.a
LOAD /home/user/riscv/tools/7.2.0-2-20180111-2230/riscv-none-embed/lib/rv64imafdc/lp64d/libm.a
LOAD /home/user/riscv/tools/7.2.0-2-20180111-2230/riscv-none-embed/lib/rv64imafdc/lp64d/libc.a
LOAD /home/user/riscv/tools/7.2.0-2-20180111-2230/bin/../lib/gcc/riscv-none-embed/7.2.0/libgcc.a
START GROUP
LOAD /home/user/riscv/tools/7.2.0-2-20180111-2230/bin/../lib/gcc/riscv-none-embed/7.2.0/libgcc.a
LOAD /home/user/riscv/tools/7.2.0-2-20180111-2230/riscv-none-embed/lib/rv64imafdc/lp64d/libg.a
LOAD /home/user/riscv/tools/7.2.0-2-20180111-2230/riscv-none-embed/lib/rv64imafdc/lp64d/libc.a
END GROUP
LOAD /home/user/riscv/tools/7.2.0-2-20180111-2230/bin/../lib/gcc/riscv-none-embed/7.2.0/libgcc.a
START GROUP
LOAD /home/user/riscv/tools/7.2.0-2-20180111-2230/bin/../lib/gcc/riscv-none-embed/7.2.0/libgcc.a
LOAD /home/user/riscv/tools/7.2.0-2-20180111-2230/riscv-none-embed/lib/rv64imafdc/lp64d/libc.a
LOAD /home/user/riscv/tools/7.2.0-2-20180111-2230/riscv-none-embed/lib/rv64imafdc/lp64d/libnosys.a
END GROUP
LOAD /home/user/riscv/tools/7.2.0-2-20180111-2230/bin/../lib/gcc/riscv-none-embed/7.2.0/crtend.o
                0x0000000010000000                . = 0x10000000

.text           0x0000000010000000       0xea
 *(.text)
 .text          0x0000000010000000       0x40 /home/user/riscv/tools/7.2.0-2-20180111-2230/bin/../lib/gcc/riscv-none-embed/7.2.0/../../../../riscv-none-embed/lib/crt0.o
                0x0000000010000000                _start
                0x000000001000003e                _init
                0x000000001000003e                _fini
 .text          0x0000000010000040        0x0 /home/user/riscv/tools/7.2.0-2-20180111-2230/bin/../lib/gcc/riscv-none-embed/7.2.0/crtbegin.o
 .text          0x0000000010000040        0x0 ./src/main.o
 .text          0x0000000010000040        0x0 /home/user/riscv/tools/7.2.0-2-20180111-2230/riscv-none-embed/lib/rv64imafdc/lp64d/libc.a(lib_a-atexit.o)
 .text          0x0000000010000040        0x0 /home/user/riscv/tools/7.2.0-2-20180111-2230/riscv-none-embed/lib/rv64imafdc/lp64d/libc.a(lib_a-exit.o)
 .text          0x0000000010000040        0x0 /home/user/riscv/tools/7.2.0-2-20180111-2230/riscv-none-embed/lib/rv64imafdc/lp64d/libc.a(lib_a-fini.o)
 .text          0x0000000010000040        0x0 /home/user/riscv/tools/7.2.0-2-20180111-2230/riscv-none-embed/lib/rv64imafdc/lp64d/libc.a(lib_a-impure.o)
 .text          0x0000000010000040        0x0 /home/user/riscv/tools/7.2.0-2-20180111-2230/riscv-none-embed/lib/rv64imafdc/lp64d/libc.a(lib_a-init.o)
 .text          0x0000000010000040       0xaa /home/user/riscv/tools/7.2.0-2-20180111-2230/riscv-none-embed/lib/rv64imafdc/lp64d/libc.a(lib_a-memset.o)
                0x0000000010000040                memset
 .text          0x00000000100000ea        0x0 /home/user/riscv/tools/7.2.0-2-20180111-2230/riscv-none-embed/lib/rv64imafdc/lp64d/libc.a(lib_a-__atexit.o)
 .text          0x00000000100000ea        0x0 /home/user/riscv/tools/7.2.0-2-20180111-2230/riscv-none-embed/lib/rv64imafdc/lp64d/libc.a(lib_a-__call_atexit.o)
 .text          0x00000000100000ea        0x0 /home/user/riscv/tools/7.2.0-2-20180111-2230/riscv-none-embed/lib/rv64imafdc/lp64d/libnosys.a(_exit.o)
 .text          0x00000000100000ea        0x0 /home/user/riscv/tools/7.2.0-2-20180111-2230/bin/../lib/gcc/riscv-none-embed/7.2.0/crtend.o

.text.deregister_tm_clones
                0x00000000100000ea       0x24
 .text.deregister_tm_clones
                0x00000000100000ea       0x24 /home/user/riscv/tools/7.2.0-2-20180111-2230/bin/../lib/gcc/riscv-none-embed/7.2.0/crtbegin.o

.text.register_tm_clones
                0x000000001000010e       0x2e
 .text.register_tm_clones
                0x000000001000010e       0x2e /home/user/riscv/tools/7.2.0-2-20180111-2230/bin/../lib/gcc/riscv-none-embed/7.2.0/crtbegin.o

.text.__do_global_dtors_aux
                0x000000001000013c       0x3e
 .text.__do_global_dtors_aux
                0x000000001000013c       0x3e /home/user/riscv/tools/7.2.0-2-20180111-2230/bin/../lib/gcc/riscv-none-embed/7.2.0/crtbegin.o

.text.frame_dummy
                0x000000001000017a       0x2e
 .text.frame_dummy
                0x000000001000017a       0x2e /home/user/riscv/tools/7.2.0-2-20180111-2230/bin/../lib/gcc/riscv-none-embed/7.2.0/crtbegin.o

.text.main      0x00000000100001a8       0x68
 .text.main     0x00000000100001a8       0x68 ./src/main.o
                0x00000000100001a8                main

.text._ZN10reg_accessILm268570624ELm32000EE7reg_setEv
                0x0000000010000210       0x2c
 .text._ZN10reg_accessILm268570624ELm32000EE7reg_setEv
                0x0000000010000210       0x2c ./src/main.o
                0x0000000010000210                reg_access<268570624ul, 32000ul>::reg_set()

.text._ZN10reg_accessILm268570624ELm32EE6reg_orEv
                0x000000001000023c       0x30
 .text._ZN10reg_accessILm268570624ELm32EE6reg_orEv
                0x000000001000023c       0x30 ./src/main.o
                0x000000001000023c                reg_access<268570624ul, 32ul>::reg_or()

.text._ZN7reg_mapILm268570624EE5valueEv
                0x000000001000026c       0x20
 .text._ZN7reg_mapILm268570624EE5valueEv
                0x000000001000026c       0x20 ./src/main.o
                0x000000001000026c                reg_map<268570624ul>::value()

.text._ZN7reg_mapILm268570624EE4bitsEv
                0x000000001000028c       0x20
 .text._ZN7reg_mapILm268570624EE4bitsEv
                0x000000001000028c       0x20 ./src/main.o
                0x000000001000028c                reg_map<268570624ul>::bits()

.text.atexit    0x00000000100002ac        0xc
 .text.atexit   0x00000000100002ac        0xc /home/user/riscv/tools/7.2.0-2-20180111-2230/riscv-none-embed/lib/rv64imafdc/lp64d/libc.a(lib_a-atexit.o)
                0x00000000100002ac                atexit

.text.exit      0x00000000100002b8       0x24
 .text.exit     0x00000000100002b8       0x24 /home/user/riscv/tools/7.2.0-2-20180111-2230/riscv-none-embed/lib/rv64imafdc/lp64d/libc.a(lib_a-exit.o)
                0x00000000100002b8                exit

.text.__libc_fini_array
                0x00000000100002dc       0x3a
 .text.__libc_fini_array
                0x00000000100002dc       0x3a /home/user/riscv/tools/7.2.0-2-20180111-2230/riscv-none-embed/lib/rv64imafdc/lp64d/libc.a(lib_a-fini.o)
                0x00000000100002dc                __libc_fini_array

.text.__libc_init_array
                0x0000000010000316       0x6e
 .text.__libc_init_array
                0x0000000010000316       0x6e /home/user/riscv/tools/7.2.0-2-20180111-2230/riscv-none-embed/lib/rv64imafdc/lp64d/libc.a(lib_a-init.o)
                0x0000000010000316                __libc_init_array

.text.__register_exitproc
                0x0000000010000384       0x7c
 .text.__register_exitproc
                0x0000000010000384       0x7c /home/user/riscv/tools/7.2.0-2-20180111-2230/riscv-none-embed/lib/rv64imafdc/lp64d/libc.a(lib_a-__atexit.o)
                0x0000000010000384                __register_exitproc

.text.startup.register_fini
                0x0000000010000400       0x18
 .text.startup.register_fini
                0x0000000010000400       0x18 /home/user/riscv/tools/7.2.0-2-20180111-2230/riscv-none-embed/lib/rv64imafdc/lp64d/libc.a(lib_a-__call_atexit.o)

.text.__call_exitprocs
                0x0000000010000418       0xca
 .text.__call_exitprocs
                0x0000000010000418       0xca /home/user/riscv/tools/7.2.0-2-20180111-2230/riscv-none-embed/lib/rv64imafdc/lp64d/libc.a(lib_a-__call_atexit.o)
                0x0000000010000418                __call_exitprocs

.text._exit     0x00000000100004e2        0x2
 .text._exit    0x00000000100004e2        0x2 /home/user/riscv/tools/7.2.0-2-20180111-2230/riscv-none-embed/lib/rv64imafdc/lp64d/libnosys.a(_exit.o)

.eh_frame       0x00000000100004e8       0xb8
 .eh_frame      0x00000000100004e8        0x0 /home/user/riscv/tools/7.2.0-2-20180111-2230/bin/../lib/gcc/riscv-none-embed/7.2.0/crtbegin.o
 .eh_frame      0x00000000100004e8       0xb4 ./src/main.o
                                         0xb8 (size before relaxing)
 .eh_frame      0x000000001000059c        0x4 /home/user/riscv/tools/7.2.0-2-20180111-2230/bin/../lib/gcc/riscv-none-embed/7.2.0/crtend.o

.sdata._global_impure_ptr
                0x00000000100005a0        0x8
 .sdata._global_impure_ptr
                0x00000000100005a0        0x8 /home/user/riscv/tools/7.2.0-2-20180111-2230/riscv-none-embed/lib/rv64imafdc/lp64d/libc.a(lib_a-impure.o)
                0x00000000100005a0                _global_impure_ptr

.rela.dyn       0x00000000100005a8        0x0
 .rela.text     0x00000000100005a8        0x0 /home/user/riscv/tools/7.2.0-2-20180111-2230/bin/../lib/gcc/riscv-none-embed/7.2.0/../../../../riscv-none-embed/lib/crt0.o
 .rela.text.deregister_tm_clones
                0x00000000100005a8        0x0 /home/user/riscv/tools/7.2.0-2-20180111-2230/bin/../lib/gcc/riscv-none-embed/7.2.0/../../../../riscv-none-embed/lib/crt0.o
 .rela.text.register_tm_clones
                0x00000000100005a8        0x0 /home/user/riscv/tools/7.2.0-2-20180111-2230/bin/../lib/gcc/riscv-none-embed/7.2.0/../../../../riscv-none-embed/lib/crt0.o
 .rela.text.__do_global_dtors_aux
                0x00000000100005a8        0x0 /home/user/riscv/tools/7.2.0-2-20180111-2230/bin/../lib/gcc/riscv-none-embed/7.2.0/../../../../riscv-none-embed/lib/crt0.o
 .rela.text.frame_dummy
                0x00000000100005a8        0x0 /home/user/riscv/tools/7.2.0-2-20180111-2230/bin/../lib/gcc/riscv-none-embed/7.2.0/../../../../riscv-none-embed/lib/crt0.o
 .rela.text.main
                0x00000000100005a8        0x0 /home/user/riscv/tools/7.2.0-2-20180111-2230/bin/../lib/gcc/riscv-none-embed/7.2.0/../../../../riscv-none-embed/lib/crt0.o
 .rela.text.atexit
                0x00000000100005a8        0x0 /home/user/riscv/tools/7.2.0-2-20180111-2230/bin/../lib/gcc/riscv-none-embed/7.2.0/../../../../riscv-none-embed/lib/crt0.o
 .rela.text.exit
                0x00000000100005a8        0x0 /home/user/riscv/tools/7.2.0-2-20180111-2230/bin/../lib/gcc/riscv-none-embed/7.2.0/../../../../riscv-none-embed/lib/crt0.o
 .rela.text.__libc_fini_array
                0x00000000100005a8        0x0 /home/user/riscv/tools/7.2.0-2-20180111-2230/bin/../lib/gcc/riscv-none-embed/7.2.0/../../../../riscv-none-embed/lib/crt0.o
 .rela.text.__libc_init_array
                0x00000000100005a8        0x0 /home/user/riscv/tools/7.2.0-2-20180111-2230/bin/../lib/gcc/riscv-none-embed/7.2.0/../../../../riscv-none-embed/lib/crt0.o
 .rela.text.startup.register_fini
                0x00000000100005a8        0x0 /home/user/riscv/tools/7.2.0-2-20180111-2230/bin/../lib/gcc/riscv-none-embed/7.2.0/../../../../riscv-none-embed/lib/crt0.o

.data           0x00000000100005a8        0x0
 *(.data)
 .data          0x00000000100005a8        0x0 /home/user/riscv/tools/7.2.0-2-20180111-2230/bin/../lib/gcc/riscv-none-embed/7.2.0/../../../../riscv-none-embed/lib/crt0.o
 .data          0x00000000100005a8        0x0 /home/user/riscv/tools/7.2.0-2-20180111-2230/bin/../lib/gcc/riscv-none-embed/7.2.0/crtbegin.o
 .data          0x00000000100005a8        0x0 ./src/main.o
 .data          0x00000000100005a8        0x0 /home/user/riscv/tools/7.2.0-2-20180111-2230/riscv-none-embed/lib/rv64imafdc/lp64d/libc.a(lib_a-atexit.o)
 .data          0x00000000100005a8        0x0 /home/user/riscv/tools/7.2.0-2-20180111-2230/riscv-none-embed/lib/rv64imafdc/lp64d/libc.a(lib_a-exit.o)
 .data          0x00000000100005a8        0x0 /home/user/riscv/tools/7.2.0-2-20180111-2230/riscv-none-embed/lib/rv64imafdc/lp64d/libc.a(lib_a-fini.o)
 .data          0x00000000100005a8        0x0 /home/user/riscv/tools/7.2.0-2-20180111-2230/riscv-none-embed/lib/rv64imafdc/lp64d/libc.a(lib_a-impure.o)
 .data          0x00000000100005a8        0x0 /home/user/riscv/tools/7.2.0-2-20180111-2230/riscv-none-embed/lib/rv64imafdc/lp64d/libc.a(lib_a-init.o)
 .data          0x00000000100005a8        0x0 /home/user/riscv/tools/7.2.0-2-20180111-2230/riscv-none-embed/lib/rv64imafdc/lp64d/libc.a(lib_a-memset.o)
 .data          0x00000000100005a8        0x0 /home/user/riscv/tools/7.2.0-2-20180111-2230/riscv-none-embed/lib/rv64imafdc/lp64d/libc.a(lib_a-__atexit.o)
 .data          0x00000000100005a8        0x0 /home/user/riscv/tools/7.2.0-2-20180111-2230/riscv-none-embed/lib/rv64imafdc/lp64d/libc.a(lib_a-__call_atexit.o)
 .data          0x00000000100005a8        0x0 /home/user/riscv/tools/7.2.0-2-20180111-2230/riscv-none-embed/lib/rv64imafdc/lp64d/libnosys.a(_exit.o)
 .data          0x00000000100005a8        0x0 /home/user/riscv/tools/7.2.0-2-20180111-2230/bin/../lib/gcc/riscv-none-embed/7.2.0/crtend.o

.tm_clone_table
                0x00000000100005a8        0x0
 .tm_clone_table
                0x00000000100005a8        0x0 /home/user/riscv/tools/7.2.0-2-20180111-2230/bin/../lib/gcc/riscv-none-embed/7.2.0/crtbegin.o
 .tm_clone_table
                0x00000000100005a8        0x0 /home/user/riscv/tools/7.2.0-2-20180111-2230/bin/../lib/gcc/riscv-none-embed/7.2.0/crtend.o

.sdata.__dso_handle
                0x00000000100005a8        0x8
 .sdata.__dso_handle
                0x00000000100005a8        0x8 /home/user/riscv/tools/7.2.0-2-20180111-2230/bin/../lib/gcc/riscv-none-embed/7.2.0/crtbegin.o
                0x00000000100005a8                __dso_handle

.fini_array     0x00000000100005b0        0x8
 .fini_array    0x00000000100005b0        0x8 /home/user/riscv/tools/7.2.0-2-20180111-2230/bin/../lib/gcc/riscv-none-embed/7.2.0/crtbegin.o

.init_array     0x00000000100005b8        0x8
 .init_array    0x00000000100005b8        0x8 /home/user/riscv/tools/7.2.0-2-20180111-2230/bin/../lib/gcc/riscv-none-embed/7.2.0/crtbegin.o

.data.impure_data
                0x00000000100005c0      0x748
 .data.impure_data
                0x00000000100005c0      0x748 /home/user/riscv/tools/7.2.0-2-20180111-2230/riscv-none-embed/lib/rv64imafdc/lp64d/libc.a(lib_a-impure.o)

.sdata._impure_ptr
                0x0000000010000d08        0x8
 .sdata._impure_ptr
                0x0000000010000d08        0x8 /home/user/riscv/tools/7.2.0-2-20180111-2230/riscv-none-embed/lib/rv64imafdc/lp64d/libc.a(lib_a-impure.o)
                0x0000000010000d08                _impure_ptr

.init_array.00000
                0x0000000010000d10        0x8
 .init_array.00000
                0x0000000010000d10        0x8 /home/user/riscv/tools/7.2.0-2-20180111-2230/riscv-none-embed/lib/rv64imafdc/lp64d/libc.a(lib_a-__call_atexit.o)

.sdata          0x0000000010000d18        0x0
                0x0000000010001518                PROVIDE (__global_pointer$, (. + 0x800))
 *(.sdata)
                0x0000000010000d18                _edata = .

.bss            0x0000000010000d18        0x0
 *(.sbss)
 *(.bss)
 .bss           0x0000000010000d18        0x0 /home/user/riscv/tools/7.2.0-2-20180111-2230/bin/../lib/gcc/riscv-none-embed/7.2.0/../../../../riscv-none-embed/lib/crt0.o
 .bss           0x0000000010000d18        0x0 /home/user/riscv/tools/7.2.0-2-20180111-2230/bin/../lib/gcc/riscv-none-embed/7.2.0/crtbegin.o
 .bss           0x0000000010000d18        0x0 ./src/main.o
 .bss           0x0000000010000d18        0x0 /home/user/riscv/tools/7.2.0-2-20180111-2230/riscv-none-embed/lib/rv64imafdc/lp64d/libc.a(lib_a-atexit.o)
 .bss           0x0000000010000d18        0x0 /home/user/riscv/tools/7.2.0-2-20180111-2230/riscv-none-embed/lib/rv64imafdc/lp64d/libc.a(lib_a-exit.o)
 .bss           0x0000000010000d18        0x0 /home/user/riscv/tools/7.2.0-2-20180111-2230/riscv-none-embed/lib/rv64imafdc/lp64d/libc.a(lib_a-fini.o)
 .bss           0x0000000010000d18        0x0 /home/user/riscv/tools/7.2.0-2-20180111-2230/riscv-none-embed/lib/rv64imafdc/lp64d/libc.a(lib_a-impure.o)
 .bss           0x0000000010000d18        0x0 /home/user/riscv/tools/7.2.0-2-20180111-2230/riscv-none-embed/lib/rv64imafdc/lp64d/libc.a(lib_a-init.o)
 .bss           0x0000000010000d18        0x0 /home/user/riscv/tools/7.2.0-2-20180111-2230/riscv-none-embed/lib/rv64imafdc/lp64d/libc.a(lib_a-memset.o)
 .bss           0x0000000010000d18        0x0 /home/user/riscv/tools/7.2.0-2-20180111-2230/riscv-none-embed/lib/rv64imafdc/lp64d/libc.a(lib_a-__atexit.o)
 .bss           0x0000000010000d18        0x0 /home/user/riscv/tools/7.2.0-2-20180111-2230/riscv-none-embed/lib/rv64imafdc/lp64d/libc.a(lib_a-__call_atexit.o)
 .bss           0x0000000010000d18        0x0 /home/user/riscv/tools/7.2.0-2-20180111-2230/riscv-none-embed/lib/rv64imafdc/lp64d/libnosys.a(_exit.o)
 .bss           0x0000000010000d18        0x0 /home/user/riscv/tools/7.2.0-2-20180111-2230/bin/../lib/gcc/riscv-none-embed/7.2.0/crtend.o
                0x0000000010000d18                PROVIDE (_end, .)
                [!provide]                        PROVIDE (exit, .)
                0x00000000100002b8                _exit = exit
                0x0000000010000d18                end = .

.sbss.completed.3086
                0x0000000010000d18        0x1
 .sbss.completed.3086
                0x0000000010000d18        0x1 /home/user/riscv/tools/7.2.0-2-20180111-2230/bin/../lib/gcc/riscv-none-embed/7.2.0/crtbegin.o

.bss.object.3091
                0x0000000010000d20       0x30
 .bss.object.3091
                0x0000000010000d20       0x30 /home/user/riscv/tools/7.2.0-2-20180111-2230/bin/../lib/gcc/riscv-none-embed/7.2.0/crtbegin.o
                0x0000000010020000                . = 0x10020000
                0x0000000010021000                . = 0x10021000

.heap           0x0000000010021000        0x0
 *(.heap)
                0x0000000010021000                heap_335_start = .
                0x00000000100fffff                heap_335_end = 0x100fffff
                0x0000000060000040                rst = 0x60000040
OUTPUT(Helper_lib.elf elf64-littleriscv)

.comment        0x0000000000000000       0x3a
 .comment       0x0000000000000000       0x3a /home/user/riscv/tools/7.2.0-2-20180111-2230/bin/../lib/gcc/riscv-none-embed/7.2.0/crtbegin.o
                                         0x3b (size before relaxing)
 .comment       0x000000000000003a       0x3b ./src/main.o
 .comment       0x000000000000003a       0x3b /home/user/riscv/tools/7.2.0-2-20180111-2230/riscv-none-embed/lib/rv64imafdc/lp64d/libc.a(lib_a-atexit.o)
 .comment       0x000000000000003a       0x3b /home/user/riscv/tools/7.2.0-2-20180111-2230/riscv-none-embed/lib/rv64imafdc/lp64d/libc.a(lib_a-exit.o)
 .comment       0x000000000000003a       0x3b /home/user/riscv/tools/7.2.0-2-20180111-2230/riscv-none-embed/lib/rv64imafdc/lp64d/libc.a(lib_a-fini.o)
 .comment       0x000000000000003a       0x3b /home/user/riscv/tools/7.2.0-2-20180111-2230/riscv-none-embed/lib/rv64imafdc/lp64d/libc.a(lib_a-impure.o)
 .comment       0x000000000000003a       0x3b /home/user/riscv/tools/7.2.0-2-20180111-2230/riscv-none-embed/lib/rv64imafdc/lp64d/libc.a(lib_a-init.o)
 .comment       0x000000000000003a       0x3b /home/user/riscv/tools/7.2.0-2-20180111-2230/riscv-none-embed/lib/rv64imafdc/lp64d/libc.a(lib_a-__atexit.o)
 .comment       0x000000000000003a       0x3b /home/user/riscv/tools/7.2.0-2-20180111-2230/riscv-none-embed/lib/rv64imafdc/lp64d/libc.a(lib_a-__call_atexit.o)
 .comment       0x000000000000003a       0x3b /home/user/riscv/tools/7.2.0-2-20180111-2230/riscv-none-embed/lib/rv64imafdc/lp64d/libnosys.a(_exit.o)
 .comment       0x000000000000003a       0x3b /home/user/riscv/tools/7.2.0-2-20180111-2230/bin/../lib/gcc/riscv-none-embed/7.2.0/crtend.o

.debug_info     0x0000000000000000      0x8ba
 .debug_info    0x0000000000000000      0x8ba ./src/main.o

.debug_abbrev   0x0000000000000000      0x14b
 .debug_abbrev  0x0000000000000000      0x14b ./src/main.o

.debug_aranges  0x0000000000000000       0x70
 .debug_aranges
                0x0000000000000000       0x70 ./src/main.o

.debug_ranges   0x0000000000000000       0x60
 .debug_ranges  0x0000000000000000       0x60 ./src/main.o

.debug_macro    0x0000000000000000     0x1274
 .debug_macro   0x0000000000000000       0xaf ./src/main.o
 .debug_macro   0x00000000000000af      0x844 ./src/main.o
 .debug_macro   0x00000000000008f3      0x168 ./src/main.o
 .debug_macro   0x0000000000000a5b      0x3ed ./src/main.o
 .debug_macro   0x0000000000000e48       0x22 ./src/main.o
 .debug_macro   0x0000000000000e6a       0x87 ./src/main.o
 .debug_macro   0x0000000000000ef1       0x51 ./src/main.o
 .debug_macro   0x0000000000000f42       0xe9 ./src/main.o
 .debug_macro   0x000000000000102b       0x6a ./src/main.o
 .debug_macro   0x0000000000001095      0x1df ./src/main.o

.debug_line     0x0000000000000000      0x39c
 .debug_line    0x0000000000000000      0x39c ./src/main.o

.debug_str      0x0000000000000000     0x4f57
 .debug_str     0x0000000000000000     0x4f57 ./src/main.o
                                       0x51a5 (size before relaxing)
